Γû▓ Next.js 16.1.6 (Turbopack)
- Environments: .env.local

  Creating an optimized production build ...
Γ£ô Compiled successfully in 3.8s
  Running TypeScript ...
node.exe : Failed 
to compile.
At line:1 char:1
+ & "C:\Program File
s\nodejs/node.exe" 
"C:\Program Files\no
dejs/node_mo ...
+ ~~~~~~~~~~~~~~~~~~
~~~~~~~~~~~~~~~~~~~~
~~~~~~~~~~~~~~~~~~~~
~~~~~~~~~~~
    + CategoryInfo  
            : NotS  
  pecified: (Fail   
 ed to compile.:    
String) [], Rem    
oteException
    + FullyQualifie 
   dErrorId : Nati  
  veCommandError
 

./src/app/(app)/modu
les/page.tsx:254:26
Type error: Type 
'"error" | 
"success" | 
"warning"' is not 
assignable to type 
'"default" | "blue" 
| "purple" | "red" 
| "emerald" | 
"amber" | "slate" | 
"success" | 
"warning" | "info" 
| undefined'.
  Type '"error"' is 
not assignable to 
type '"default" | 
"blue" | "purple" | 
"red" | "emerald" | 
"amber" | "slate" | 
"success" | 
"warning" | "info" 
| undefined'.

[0m [90m 252 
|[39m              
   [33m<[39m[33md
iv[39m className[3
3m=[39m[32m"flex 
items-start 
justify-between gap-
2"[39m[33m>[39m
 [90m 253 |[39m   
                [33
m<[39m[33mh3[39m 
className[33m=[39m
[32m"text-base 
font-semibold text-s
late-800"[39m[33m>
[39m{mod[33m.[39m
title}[33m<[39m[3
3m/[39m[33mh3[39m
[33m>[39m
[31m[1m>[22m[39m
[90m 254 |[39m    
               [33m
<[39m[33mBadge[39
m variant[33m=[39m
{difficultyColor[mod
[33m.[39mdifficult
y] [33m||[39m [32
m"default"[39m}[33
m>[39m{mod[33m.[3
9mdifficulty}[33m<
[39m[33m/[39m[33m
Badge[39m[33m>[39
m
 [90m     |[39m   
                    
   
[31m[1m^[22m[39m
 [90m 255 |[39m   
              [33m<
[39m[33m/[39m[33
mdiv[39m[33m>[39m
 [90m 256 |[39m   
              [33m<
[39m[33mp[39m cla
ssName[33m=[39m[3
2m"text-sm 
text-slate-500 line-
clamp-2"[39m[33m>
[39m{mod[33m.[39md
escription}[33m<[3
9m[33m/[39m[33mp
[39m[33m>[39m
 [90m 257 |[39m   
              [33m<
[39m[33mdiv[39m c
lassName[33m=[39m
[32m"flex 
items-center 
justify-between 
pt-2 border-t border
-slate-100"[39m[33
m>[39m[0m
Next.js build 
worker exited with 
code: 1 and signal: 
null
